// Jest Snapshot v1, https://goo.gl/fbAQLP

exports[`should render expense list 1`] = `
<div>
  <_default
    amount={195}
    createdAt={-345600000}
    description="Gum"
    id="1"
    key="1"
    note=""
  />
  <_default
    amount={109500}
    createdAt={0}
    description="Rent"
    id="2"
    key="2"
    note=""
  />
  <_default
    amount={4500}
    createdAt={345600000}
    description="Credit Card"
    id="3"
    key="3"
    note=""
  />
</div>
`;

exports[`should render expense list with no expenses 1`] = `
<div>
  <p>
    No expenses
  </p>
</div>
`;
