// Jest Snapshot v1, https://goo.gl/fbAQLP

exports[`should render header correctly 1`] = `
<div>
  <h2>
    This is ExpenseDashboardPage
  </h2>
  <Connect(ExpenseListFilters) />
  <Connect(ExpenseList) />
</div>
`;
